2026-10-09T17:15:25+00:00
Catálogo 472: 14 archivos
  Expo_2011.zip: más viejo de lo necesario
  Expo_2014.zip: más viejo de lo necesario
  Expo_2015.zip: más viejo de lo necesario
  Expo_2012.zip: más viejo de lo necesario
  Expo_2016.zip: más viejo de lo necesario
  Expo_2013.zip: más viejo de lo necesario
  Expo_2018.zip: más viejo de lo necesario
  Expo_2017.zip: más viejo de lo necesario
  Expo_2019.zip: más viejo de lo necesario
  Expo_2021.zip: más viejo de lo necesario
  Expo_2023.zip: bajando…
  Expo_2023.zip: sin tablas legibles
  Expo_2020.zip: más viejo de lo necesario
  Expo_2022.zip: más viejo de lo necesario
  Expo_2024.zip: bajando…
  Expo_2024.zip: sin tablas legibles
Catálogo 859: 2 archivos
  Expo_2025.zip: bajando…
  Expo_2025.zip: sin tablas legibles
  Expo_2026.zip: bajando…
  Expo_2026.zip: sin tablas legibles
Sin datos todavía: revisa dane/debug/.
